mode: set
post_service/cmd/main.go:5.13,7.2 1 0
post_service/cmd/app/app.go:30.12,41.12 4 0
post_service/cmd/app/app.go:41.12,42.40 1 0
post_service/cmd/app/app.go:42.40,44.4 1 0
post_service/cmd/app/app.go:48.2,57.41 6 0
post_service/cmd/app/app.go:57.41,59.3 1 0
post_service/cmd/app/app.go:61.2,61.31 1 0
post_service/config/config.go:38.26,49.2 9 1
post_service/docs/docs.go:322.13,324.2 1 0
post_service/internal/entity/mock_repository.go:7.50,9.2 1 0
post_service/internal/entity/mock_repository.go:11.57,26.2 1 0
post_service/internal/entity/mock_repository.go:28.66,31.2 2 0
post_service/internal/entity/mock_repository.go:33.66,35.2 1 0
post_service/internal/entity/mock_repository.go:37.66,39.2 1 0
post_service/internal/entity/mock_repository.go:41.54,48.2 1 0
post_service/internal/entity/post.go:52.13,54.2 1 0
post_service/internal/entity/post.go:56.35,58.2 1 0
post_service/internal/entity/post.go:60.33,61.19 1 0
post_service/internal/entity/post.go:61.19,63.3 1 0
post_service/internal/entity/post.go:64.2,64.21 1 0
post_service/internal/entity/post.go:64.21,66.3 1 0
post_service/internal/entity/post.go:67.2,67.21 1 0
post_service/internal/entity/post.go:67.21,69.3 1 0
post_service/internal/entity/post.go:70.2,70.29 1 0
post_service/internal/entity/post.go:70.29,72.3 1 0
post_service/internal/entity/post.go:73.2,73.37 1 0
post_service/internal/entity/post.go:73.37,75.3 1 0
post_service/internal/entity/post.go:76.2,76.12 1 0
post_service/internal/entity/post.go:79.37,81.2 1 0
post_service/internal/entity/post.go:83.31,84.37 1 0
post_service/internal/entity/post.go:84.37,86.3 1 0
post_service/internal/entity/post.go:88.2,93.16 3 0
post_service/internal/entity/post.go:93.16,95.3 1 0
post_service/internal/entity/post.go:97.2,98.16 2 0
post_service/internal/entity/post.go:98.16,100.3 1 0
post_service/internal/entity/post.go:102.2,103.12 2 0
post_service/internal/entity/post.go:106.31,107.15 1 0
post_service/internal/entity/post.go:107.15,109.3 1 0
post_service/internal/entity/post.go:111.2,111.37 1 0
post_service/internal/entity/post.go:111.37,113.3 1 0
post_service/internal/entity/post.go:115.2,121.16 3 0
post_service/internal/entity/post.go:121.16,123.3 1 0
post_service/internal/entity/post.go:125.2,125.12 1 0
post_service/internal/entity/post.go:128.31,129.15 1 0
post_service/internal/entity/post.go:129.15,131.3 1 0
post_service/internal/entity/post.go:133.2,135.16 3 0
post_service/internal/entity/post.go:135.16,137.3 1 0
post_service/internal/entity/post.go:139.2,139.12 1 0
post_service/internal/entity/post.go:142.28,143.15 1 0
post_service/internal/entity/post.go:143.15,145.3 1 0
post_service/internal/entity/post.go:147.2,153.16 3 0
post_service/internal/entity/post.go:153.16,155.3 1 0
post_service/internal/entity/post.go:157.2,165.16 3 0
post_service/internal/entity/post.go:165.16,166.27 1 0
post_service/internal/entity/post.go:166.27,168.4 1 0
post_service/internal/entity/post.go:169.3,169.13 1 0
post_service/internal/entity/post.go:173.2,174.16 2 0
post_service/internal/entity/post.go:174.16,176.3 1 0
post_service/internal/entity/post.go:178.2,178.12 1 0
post_service/internal/entity/post.go:182.33,184.2 1 0
post_service/internal/repo/post_repository.go:14.13,17.2 2 0
post_service/internal/repo/post_repository.go:23.70,27.2 1 0
post_service/internal/repo/post_repository.go:29.66,36.16 3 0
post_service/internal/repo/post_repository.go:36.16,38.3 1 0
post_service/internal/repo/post_repository.go:39.2,42.18 3 0
post_service/internal/repo/post_repository.go:42.18,52.17 4 0
post_service/internal/repo/post_repository.go:52.17,54.4 1 0
post_service/internal/repo/post_repository.go:57.3,58.17 2 0
post_service/internal/repo/post_repository.go:58.17,60.4 1 0
post_service/internal/repo/post_repository.go:62.3,62.30 1 0
post_service/internal/repo/post_repository.go:65.2,65.34 1 0
post_service/internal/repo/post_repository.go:65.34,67.3 1 0
post_service/internal/repo/post_repository.go:69.2,69.19 1 0
post_service/internal/repo/post_repository.go:72.76,74.38 2 0
post_service/internal/repo/post_repository.go:74.38,76.3 1 0
post_service/internal/repo/post_repository.go:77.2,77.18 1 0
post_service/internal/repo/post_repository.go:80.76,82.38 2 0
post_service/internal/repo/post_repository.go:82.38,84.3 1 0
post_service/internal/repo/post_repository.go:85.2,85.18 1 0
post_service/internal/repo/post_repository.go:88.76,90.38 2 0
post_service/internal/repo/post_repository.go:90.38,92.3 1 0
post_service/internal/repo/post_repository.go:93.2,93.18 1 0
post_service/internal/repo/post_repository.go:96.69,101.35 3 0
post_service/internal/repo/post_repository.go:101.35,103.3 1 0
post_service/internal/repo/post_repository.go:104.2,104.144 1 0
post_service/internal/usecase/posts.go:9.62,13.2 1 0
post_service/internal/usecase/posts.go:15.70,17.2 1 0
post_service/internal/usecase/posts.go:19.80,21.2 1 0
post_service/internal/usecase/posts.go:23.80,25.2 1 0
post_service/internal/usecase/posts.go:27.80,29.2 1 0
post_service/internal/usecase/posts.go:31.73,33.2 1 0
post_service/pkg/httpserver/server.go:21.13,24.2 2 0
post_service/pkg/httpserver/server.go:33.24,39.58 4 0
post_service/pkg/httpserver/server.go:39.58,41.3 1 0
post_service/pkg/httpserver/server.go:44.22,75.2 14 0
post_service/pkg/httpserver/server.go:77.12,81.2 3 0
post_service/pkg/httpserver/server.go:89.64,126.2 16 0
post_service/pkg/httpserver/server.go:128.32,130.2 1 0
post_service/pkg/httpserver/server.go:132.50,134.2 1 0
post_service/pkg/httpserver/handlers/handlers.go:18.56,22.2 1 0
post_service/pkg/httpserver/handlers/handlers.go:30.71,33.2 2 0
post_service/pkg/httpserver/handlers/handlers.go:42.68,44.16 2 0
post_service/pkg/httpserver/handlers/handlers.go:44.16,47.3 2 0
post_service/pkg/httpserver/handlers/handlers.go:49.2,50.34 2 0
post_service/pkg/httpserver/handlers/handlers.go:63.70,65.62 2 0
post_service/pkg/httpserver/handlers/handlers.go:65.62,68.3 2 0
post_service/pkg/httpserver/handlers/handlers.go:70.2,70.32 1 0
post_service/pkg/httpserver/handlers/handlers.go:70.32,72.3 1 0
post_service/pkg/httpserver/handlers/handlers.go:74.2,75.16 2 0
post_service/pkg/httpserver/handlers/handlers.go:75.16,78.3 2 0
post_service/pkg/httpserver/handlers/handlers.go:80.2,82.40 3 0
post_service/pkg/httpserver/handlers/handlers.go:96.70,99.16 3 0
post_service/pkg/httpserver/handlers/handlers.go:99.16,102.3 2 0
post_service/pkg/httpserver/handlers/handlers.go:104.2,105.62 2 0
post_service/pkg/httpserver/handlers/handlers.go:105.62,108.3 2 0
post_service/pkg/httpserver/handlers/handlers.go:110.2,112.16 3 0
post_service/pkg/httpserver/handlers/handlers.go:112.16,115.3 2 0
post_service/pkg/httpserver/handlers/handlers.go:117.2,118.40 2 0
post_service/pkg/httpserver/handlers/handlers.go:130.70,133.16 3 0
post_service/pkg/httpserver/handlers/handlers.go:133.16,136.3 2 0
post_service/pkg/httpserver/handlers/handlers.go:138.2,140.16 3 0
post_service/pkg/httpserver/handlers/handlers.go:140.16,143.3 2 0
post_service/pkg/httpserver/handlers/handlers.go:145.2,146.40 2 0
post_service/pkg/httpserver/handlers/handlers.go:158.67,161.16 3 0
post_service/pkg/httpserver/handlers/handlers.go:161.16,164.3 2 0
post_service/pkg/httpserver/handlers/handlers.go:166.2,167.16 2 0
post_service/pkg/httpserver/handlers/handlers.go:167.16,170.3 2 0
post_service/pkg/httpserver/handlers/handlers.go:172.2,173.42 2 0
post_service/pkg/logger/logger.go:22.32,24.2 1 0
post_service/pkg/logger/logger.go:26.51,27.14 1 0
post_service/pkg/logger/logger.go:27.14,29.3 1 0
post_service/pkg/logger/logger.go:31.2,34.15 3 0
post_service/pkg/logger/logger.go:35.15,36.45 1 0
post_service/pkg/logger/logger.go:37.14,38.44 1 0
post_service/pkg/logger/logger.go:39.14,40.44 1 0
post_service/pkg/logger/logger.go:41.15,42.45 1 0
post_service/pkg/logger/logger.go:43.10,44.44 1 0
post_service/pkg/logger/logger.go:47.2,49.3 1 0
post_service/pkg/logger/logger.go:52.57,54.2 1 0
post_service/pkg/logger/logger.go:56.56,58.2 1 0
post_service/pkg/logger/logger.go:60.56,62.2 1 0
post_service/pkg/logger/logger.go:64.57,65.19 1 0
post_service/pkg/logger/logger.go:65.19,67.3 1 0
post_service/pkg/logger/logger.go:67.8,69.3 1 0
post_service/pkg/logger/logger.go:72.66,75.2 2 0
post_service/pkg/logger/logger.go:77.78,78.31 1 0
post_service/pkg/logger/logger.go:79.13,80.36 1 0
post_service/pkg/logger/logger.go:81.14,82.37 1 0
post_service/pkg/logger/logger.go:83.10,84.81 1 0
post_service/pkg/mongodb/mongo.go:22.56,26.16 4 0
post_service/pkg/mongodb/mongo.go:26.16,28.3 1 0
post_service/pkg/mongodb/mongo.go:29.2,30.12 2 0
post_service/pkg/mongodb/mongo.go:33.40,35.2 1 0
post_service/pkg/mongodb/mongo.go:37.86,39.2 1 0
post_service/pkg/mongodb/mongo.go:41.88,43.2 1 0
post_service/pkg/mongodb/mongo.go:45.86,47.2 1 0
post_service/pkg/mongodb/mongo.go:49.67,51.2 1 0
post_service/pkg/mongodb/mongo.go:53.51,55.2 1 0
post_service/pkg/mysql/mysql.go:23.13,29.39 5 0
post_service/pkg/mysql/mysql.go:29.39,32.3 2 0
post_service/pkg/mysql/mysql.go:33.2,33.27 1 0
post_service/pkg/mysql/mysql.go:36.54,37.16 1 0
post_service/pkg/mysql/mysql.go:37.16,39.3 1 0
post_service/pkg/mysql/mysql.go:41.2,43.3 1 0
post_service/pkg/mysql/mysql.go:46.38,47.21 1 0
post_service/pkg/mysql/mysql.go:47.21,49.3 1 0
post_service/pkg/mysql/mysql.go:51.2,52.16 2 0
post_service/pkg/mysql/mysql.go:52.16,54.3 1 0
post_service/pkg/mysql/mysql.go:56.2,56.34 1 0
post_service/pkg/mysql/mysql.go:56.34,58.3 1 0
post_service/pkg/mysql/mysql.go:60.2,61.12 2 0
post_service/pkg/mysql/mysql.go:64.83,65.17 1 0
post_service/pkg/mysql/mysql.go:65.17,67.3 1 0
post_service/pkg/mysql/mysql.go:68.2,68.35 1 0
post_service/pkg/mysql/mysql.go:71.85,72.17 1 0
post_service/pkg/mysql/mysql.go:72.17,74.3 1 0
post_service/pkg/mysql/mysql.go:75.2,75.43 1 0
post_service/pkg/mysql/mysql.go:78.83,79.17 1 0
post_service/pkg/mysql/mysql.go:79.17,81.3 1 0
post_service/pkg/mysql/mysql.go:82.2,82.34 1 0
post_service/pkg/mysql/mysql.go:85.64,86.17 1 0
post_service/pkg/mysql/mysql.go:86.17,88.3 1 0
post_service/pkg/mysql/mysql.go:89.2,89.28 1 0
post_service/pkg/mysql/mysql.go:92.48,93.17 1 0
post_service/pkg/mysql/mysql.go:93.17,95.3 1 0
post_service/pkg/mysql/mysql.go:96.2,96.21 1 0
post_service/pkg/mysql/mysql.go:99.37,100.17 1 0
post_service/pkg/mysql/mysql.go:100.17,102.3 1 0
post_service/pkg/mysql/mysql.go:103.2,103.21 1 0
post_service/pkg/postgres/pg.go:11.41,13.2 1 0
post_service/pkg/rabbitmq/connection.go:32.12,35.2 2 0
post_service/pkg/rabbitmq/connection.go:37.61,43.2 2 0
post_service/pkg/rabbitmq/connection.go:45.40,46.14 1 0
post_service/pkg/rabbitmq/connection.go:46.14,48.3 1 0
post_service/pkg/rabbitmq/connection.go:51.43,53.27 2 0
post_service/pkg/rabbitmq/connection.go:53.27,54.33 1 0
post_service/pkg/rabbitmq/connection.go:54.33,55.9 1 0
post_service/pkg/rabbitmq/connection.go:57.3,58.25 2 0
post_service/pkg/rabbitmq/connection.go:60.2,60.16 1 0
post_service/pkg/rabbitmq/connection.go:60.16,62.3 1 0
post_service/pkg/rabbitmq/connection.go:63.2,63.12 1 0
post_service/pkg/rabbitmq/connection.go:66.38,70.16 3 0
post_service/pkg/rabbitmq/connection.go:70.16,72.3 1 0
post_service/pkg/rabbitmq/connection.go:74.2,75.16 2 0
post_service/pkg/rabbitmq/connection.go:75.16,77.3 1 0
post_service/pkg/rabbitmq/connection.go:79.2,88.16 2 0
post_service/pkg/rabbitmq/connection.go:88.16,90.3 1 0
post_service/pkg/rabbitmq/connection.go:92.2,100.16 2 0
post_service/pkg/rabbitmq/connection.go:100.16,102.3 1 0
post_service/pkg/rabbitmq/connection.go:104.2,111.16 2 0
post_service/pkg/rabbitmq/connection.go:111.16,113.3 1 0
post_service/pkg/rabbitmq/connection.go:115.2,124.16 2 0
post_service/pkg/rabbitmq/connection.go:124.16,126.3 1 0
post_service/pkg/rabbitmq/connection.go:128.2,128.12 1 0
post_service/pkg/rabbitmq/server/options.go:10.44,11.25 1 0
post_service/pkg/rabbitmq/server/options.go:11.25,13.3 1 0
post_service/pkg/rabbitmq/server/options.go:16.40,17.25 1 0
post_service/pkg/rabbitmq/server/options.go:17.25,19.3 1 0
post_service/pkg/rabbitmq/server/server.go:24.104,34.27 2 0
post_service/pkg/rabbitmq/server/server.go:34.27,36.3 1 0
post_service/pkg/rabbitmq/server/server.go:38.2,38.15 1 0
post_service/cmd/app/app.go:30.12,41.12 4 0
post_service/cmd/app/app.go:41.12,42.40 1 0
post_service/cmd/app/app.go:42.40,44.4 1 0
post_service/cmd/app/app.go:48.2,57.41 6 0
post_service/cmd/app/app.go:57.41,59.3 1 0
post_service/cmd/app/app.go:61.2,61.31 1 0
post_service/docs/docs.go:322.13,324.2 1 0
post_service/cmd/main.go:5.13,7.2 1 0
post_service/internal/repo/post_repository.go:14.13,17.2 2 0
post_service/internal/repo/post_repository.go:23.70,27.2 1 0
post_service/internal/repo/post_repository.go:29.66,36.16 3 0
post_service/internal/repo/post_repository.go:36.16,38.3 1 0
post_service/internal/repo/post_repository.go:39.2,42.18 3 0
post_service/internal/repo/post_repository.go:42.18,52.17 4 0
post_service/internal/repo/post_repository.go:52.17,54.4 1 0
post_service/internal/repo/post_repository.go:57.3,58.17 2 0
post_service/internal/repo/post_repository.go:58.17,60.4 1 0
post_service/internal/repo/post_repository.go:62.3,62.30 1 0
post_service/internal/repo/post_repository.go:65.2,65.34 1 0
post_service/internal/repo/post_repository.go:65.34,67.3 1 0
post_service/internal/repo/post_repository.go:69.2,69.19 1 0
post_service/internal/repo/post_repository.go:72.76,74.38 2 0
post_service/internal/repo/post_repository.go:74.38,76.3 1 0
post_service/internal/repo/post_repository.go:77.2,77.18 1 0
post_service/internal/repo/post_repository.go:80.76,82.38 2 0
post_service/internal/repo/post_repository.go:82.38,84.3 1 0
post_service/internal/repo/post_repository.go:85.2,85.18 1 0
post_service/internal/repo/post_repository.go:88.76,90.38 2 0
post_service/internal/repo/post_repository.go:90.38,92.3 1 0
post_service/internal/repo/post_repository.go:93.2,93.18 1 0
post_service/internal/repo/post_repository.go:96.69,101.35 3 0
post_service/internal/repo/post_repository.go:101.35,103.3 1 0
post_service/internal/repo/post_repository.go:104.2,104.144 1 0
post_service/pkg/rabbitmq/server/options.go:10.44,11.25 1 0
post_service/pkg/rabbitmq/server/options.go:11.25,13.3 1 0
post_service/pkg/rabbitmq/server/options.go:16.40,17.25 1 0
post_service/pkg/rabbitmq/server/options.go:17.25,19.3 1 0
post_service/pkg/rabbitmq/server/server.go:24.104,34.27 2 0
post_service/pkg/rabbitmq/server/server.go:34.27,36.3 1 0
post_service/pkg/rabbitmq/server/server.go:38.2,38.15 1 0
post_service/pkg/mongodb/mongo.go:22.56,26.16 4 0
post_service/pkg/mongodb/mongo.go:26.16,28.3 1 0
post_service/pkg/mongodb/mongo.go:29.2,30.12 2 0
post_service/pkg/mongodb/mongo.go:33.40,35.2 1 0
post_service/pkg/mongodb/mongo.go:37.86,39.2 1 0
post_service/pkg/mongodb/mongo.go:41.88,43.2 1 0
post_service/pkg/mongodb/mongo.go:45.86,47.2 1 0
post_service/pkg/mongodb/mongo.go:49.67,51.2 1 0
post_service/pkg/mongodb/mongo.go:53.51,55.2 1 0
post_service/pkg/postgres/pg.go:11.41,13.2 1 0
post_service/pkg/rabbitmq/connection.go:32.12,35.2 2 0
post_service/pkg/rabbitmq/connection.go:37.61,43.2 2 0
post_service/pkg/rabbitmq/connection.go:45.40,46.14 1 0
post_service/pkg/rabbitmq/connection.go:46.14,48.3 1 0
post_service/pkg/rabbitmq/connection.go:51.43,53.27 2 0
post_service/pkg/rabbitmq/connection.go:53.27,54.33 1 0
post_service/pkg/rabbitmq/connection.go:54.33,55.9 1 0
post_service/pkg/rabbitmq/connection.go:57.3,58.25 2 0
post_service/pkg/rabbitmq/connection.go:60.2,60.16 1 0
post_service/pkg/rabbitmq/connection.go:60.16,62.3 1 0
post_service/pkg/rabbitmq/connection.go:63.2,63.12 1 0
post_service/pkg/rabbitmq/connection.go:66.38,70.16 3 0
post_service/pkg/rabbitmq/connection.go:70.16,72.3 1 0
post_service/pkg/rabbitmq/connection.go:74.2,75.16 2 0
post_service/pkg/rabbitmq/connection.go:75.16,77.3 1 0
post_service/pkg/rabbitmq/connection.go:79.2,88.16 2 0
post_service/pkg/rabbitmq/connection.go:88.16,90.3 1 0
post_service/pkg/rabbitmq/connection.go:92.2,100.16 2 0
post_service/pkg/rabbitmq/connection.go:100.16,102.3 1 0
post_service/pkg/rabbitmq/connection.go:104.2,111.16 2 0
post_service/pkg/rabbitmq/connection.go:111.16,113.3 1 0
post_service/pkg/rabbitmq/connection.go:115.2,124.16 2 0
post_service/pkg/rabbitmq/connection.go:124.16,126.3 1 0
post_service/pkg/rabbitmq/connection.go:128.2,128.12 1 0
post_service/cmd/main.go:5.13,7.2 1 0
post_service/cmd/app/app.go:30.12,41.12 4 0
post_service/cmd/app/app.go:41.12,42.40 1 0
post_service/cmd/app/app.go:42.40,44.4 1 0
post_service/cmd/app/app.go:48.2,57.41 6 0
post_service/cmd/app/app.go:57.41,59.3 1 0
post_service/cmd/app/app.go:61.2,61.31 1 0
post_service/config/config.go:38.26,49.2 9 0
post_service/docs/docs.go:322.13,324.2 1 0
post_service/internal/entity/mock_repository.go:7.50,9.2 1 0
post_service/internal/entity/mock_repository.go:11.57,26.2 1 0
post_service/internal/entity/mock_repository.go:28.66,31.2 2 0
post_service/internal/entity/mock_repository.go:33.66,35.2 1 0
post_service/internal/entity/mock_repository.go:37.66,39.2 1 0
post_service/internal/entity/mock_repository.go:41.54,48.2 1 0
post_service/internal/entity/post.go:52.13,54.2 1 0
post_service/internal/entity/post.go:56.35,58.2 1 0
post_service/internal/entity/post.go:60.33,61.19 1 0
post_service/internal/entity/post.go:61.19,63.3 1 0
post_service/internal/entity/post.go:64.2,64.21 1 0
post_service/internal/entity/post.go:64.21,66.3 1 0
post_service/internal/entity/post.go:67.2,67.21 1 0
post_service/internal/entity/post.go:67.21,69.3 1 0
post_service/internal/entity/post.go:70.2,70.29 1 0
post_service/internal/entity/post.go:70.29,72.3 1 0
post_service/internal/entity/post.go:73.2,73.37 1 0
post_service/internal/entity/post.go:73.37,75.3 1 0
post_service/internal/entity/post.go:76.2,76.12 1 0
post_service/internal/entity/post.go:79.37,81.2 1 0
post_service/internal/entity/post.go:83.31,84.37 1 0
post_service/internal/entity/post.go:84.37,86.3 1 0
post_service/internal/entity/post.go:88.2,93.16 3 0
post_service/internal/entity/post.go:93.16,95.3 1 0
post_service/internal/entity/post.go:97.2,98.16 2 0
post_service/internal/entity/post.go:98.16,100.3 1 0
post_service/internal/entity/post.go:102.2,103.12 2 0
post_service/internal/entity/post.go:106.31,107.15 1 0
post_service/internal/entity/post.go:107.15,109.3 1 0
post_service/internal/entity/post.go:111.2,111.37 1 0
post_service/internal/entity/post.go:111.37,113.3 1 0
post_service/internal/entity/post.go:115.2,121.16 3 0
post_service/internal/entity/post.go:121.16,123.3 1 0
post_service/internal/entity/post.go:125.2,125.12 1 0
post_service/internal/entity/post.go:128.31,129.15 1 0
post_service/internal/entity/post.go:129.15,131.3 1 0
post_service/internal/entity/post.go:133.2,135.16 3 0
post_service/internal/entity/post.go:135.16,137.3 1 0
post_service/internal/entity/post.go:139.2,139.12 1 0
post_service/internal/entity/post.go:142.28,143.15 1 0
post_service/internal/entity/post.go:143.15,145.3 1 0
post_service/internal/entity/post.go:147.2,153.16 3 0
post_service/internal/entity/post.go:153.16,155.3 1 0
post_service/internal/entity/post.go:157.2,165.16 3 0
post_service/internal/entity/post.go:165.16,166.27 1 0
post_service/internal/entity/post.go:166.27,168.4 1 0
post_service/internal/entity/post.go:169.3,169.13 1 0
post_service/internal/entity/post.go:173.2,174.16 2 0
post_service/internal/entity/post.go:174.16,176.3 1 0
post_service/internal/entity/post.go:178.2,178.12 1 0
post_service/internal/entity/post.go:182.33,184.2 1 0
post_service/internal/repo/post_repository.go:14.13,17.2 2 0
post_service/internal/repo/post_repository.go:23.70,27.2 1 0
post_service/internal/repo/post_repository.go:29.66,36.16 3 0
post_service/internal/repo/post_repository.go:36.16,38.3 1 0
post_service/internal/repo/post_repository.go:39.2,42.18 3 0
post_service/internal/repo/post_repository.go:42.18,52.17 4 0
post_service/internal/repo/post_repository.go:52.17,54.4 1 0
post_service/internal/repo/post_repository.go:57.3,58.17 2 0
post_service/internal/repo/post_repository.go:58.17,60.4 1 0
post_service/internal/repo/post_repository.go:62.3,62.30 1 0
post_service/internal/repo/post_repository.go:65.2,65.34 1 0
post_service/internal/repo/post_repository.go:65.34,67.3 1 0
post_service/internal/repo/post_repository.go:69.2,69.19 1 0
post_service/internal/repo/post_repository.go:72.76,74.38 2 0
post_service/internal/repo/post_repository.go:74.38,76.3 1 0
post_service/internal/repo/post_repository.go:77.2,77.18 1 0
post_service/internal/repo/post_repository.go:80.76,82.38 2 0
post_service/internal/repo/post_repository.go:82.38,84.3 1 0
post_service/internal/repo/post_repository.go:85.2,85.18 1 0
post_service/internal/repo/post_repository.go:88.76,90.38 2 0
post_service/internal/repo/post_repository.go:90.38,92.3 1 0
post_service/internal/repo/post_repository.go:93.2,93.18 1 0
post_service/internal/repo/post_repository.go:96.69,101.35 3 0
post_service/internal/repo/post_repository.go:101.35,103.3 1 0
post_service/internal/repo/post_repository.go:104.2,104.144 1 0
post_service/internal/usecase/posts.go:9.62,13.2 1 0
post_service/internal/usecase/posts.go:15.70,17.2 1 0
post_service/internal/usecase/posts.go:19.80,21.2 1 0
post_service/internal/usecase/posts.go:23.80,25.2 1 0
post_service/internal/usecase/posts.go:27.80,29.2 1 0
post_service/internal/usecase/posts.go:31.73,33.2 1 0
post_service/pkg/httpserver/server.go:21.13,24.2 2 0
post_service/pkg/httpserver/server.go:33.24,39.58 4 0
post_service/pkg/httpserver/server.go:39.58,41.3 1 0
post_service/pkg/httpserver/server.go:44.22,75.2 14 0
post_service/pkg/httpserver/server.go:77.12,81.2 3 0
post_service/pkg/httpserver/server.go:89.64,126.2 16 0
post_service/pkg/httpserver/server.go:128.32,130.2 1 0
post_service/pkg/httpserver/server.go:132.50,134.2 1 0
post_service/pkg/httpserver/handlers/handlers.go:18.56,22.2 1 0
post_service/pkg/httpserver/handlers/handlers.go:30.71,33.2 2 0
post_service/pkg/httpserver/handlers/handlers.go:42.68,44.16 2 0
post_service/pkg/httpserver/handlers/handlers.go:44.16,47.3 2 0
post_service/pkg/httpserver/handlers/handlers.go:49.2,50.34 2 0
post_service/pkg/httpserver/handlers/handlers.go:63.70,65.62 2 0
post_service/pkg/httpserver/handlers/handlers.go:65.62,68.3 2 0
post_service/pkg/httpserver/handlers/handlers.go:70.2,70.32 1 0
post_service/pkg/httpserver/handlers/handlers.go:70.32,72.3 1 0
post_service/pkg/httpserver/handlers/handlers.go:74.2,75.16 2 0
post_service/pkg/httpserver/handlers/handlers.go:75.16,78.3 2 0
post_service/pkg/httpserver/handlers/handlers.go:80.2,82.40 3 0
post_service/pkg/httpserver/handlers/handlers.go:96.70,99.16 3 0
post_service/pkg/httpserver/handlers/handlers.go:99.16,102.3 2 0
post_service/pkg/httpserver/handlers/handlers.go:104.2,105.62 2 0
post_service/pkg/httpserver/handlers/handlers.go:105.62,108.3 2 0
post_service/pkg/httpserver/handlers/handlers.go:110.2,112.16 3 0
post_service/pkg/httpserver/handlers/handlers.go:112.16,115.3 2 0
post_service/pkg/httpserver/handlers/handlers.go:117.2,118.40 2 0
post_service/pkg/httpserver/handlers/handlers.go:130.70,133.16 3 0
post_service/pkg/httpserver/handlers/handlers.go:133.16,136.3 2 0
post_service/pkg/httpserver/handlers/handlers.go:138.2,140.16 3 0
post_service/pkg/httpserver/handlers/handlers.go:140.16,143.3 2 0
post_service/pkg/httpserver/handlers/handlers.go:145.2,146.40 2 0
post_service/pkg/httpserver/handlers/handlers.go:158.67,161.16 3 0
post_service/pkg/httpserver/handlers/handlers.go:161.16,164.3 2 0
post_service/pkg/httpserver/handlers/handlers.go:166.2,167.16 2 0
post_service/pkg/httpserver/handlers/handlers.go:167.16,170.3 2 0
post_service/pkg/httpserver/handlers/handlers.go:172.2,173.42 2 0
post_service/pkg/logger/logger.go:22.32,24.2 1 1
post_service/pkg/logger/logger.go:26.51,27.14 1 1
post_service/pkg/logger/logger.go:27.14,29.3 1 1
post_service/pkg/logger/logger.go:31.2,34.15 3 1
post_service/pkg/logger/logger.go:35.15,36.45 1 1
post_service/pkg/logger/logger.go:37.14,38.44 1 1
post_service/pkg/logger/logger.go:39.14,40.44 1 1
post_service/pkg/logger/logger.go:41.15,42.45 1 1
post_service/pkg/logger/logger.go:43.10,44.44 1 1
post_service/pkg/logger/logger.go:47.2,49.3 1 1
post_service/pkg/logger/logger.go:52.57,54.2 1 1
post_service/pkg/logger/logger.go:56.56,58.2 1 1
post_service/pkg/logger/logger.go:60.56,62.2 1 1
post_service/pkg/logger/logger.go:64.57,65.19 1 1
post_service/pkg/logger/logger.go:65.19,67.3 1 1
post_service/pkg/logger/logger.go:67.8,69.3 1 1
post_service/pkg/logger/logger.go:72.66,75.2 2 0
post_service/pkg/logger/logger.go:77.78,78.31 1 0
post_service/pkg/logger/logger.go:79.13,80.36 1 0
post_service/pkg/logger/logger.go:81.14,82.37 1 0
post_service/pkg/logger/logger.go:83.10,84.81 1 0
post_service/pkg/mongodb/mongo.go:22.56,26.16 4 0
post_service/pkg/mongodb/mongo.go:26.16,28.3 1 0
post_service/pkg/mongodb/mongo.go:29.2,30.12 2 0
post_service/pkg/mongodb/mongo.go:33.40,35.2 1 0
post_service/pkg/mongodb/mongo.go:37.86,39.2 1 0
post_service/pkg/mongodb/mongo.go:41.88,43.2 1 0
post_service/pkg/mongodb/mongo.go:45.86,47.2 1 0
post_service/pkg/mongodb/mongo.go:49.67,51.2 1 0
post_service/pkg/mongodb/mongo.go:53.51,55.2 1 0
post_service/pkg/mysql/mysql.go:23.13,29.39 5 0
post_service/pkg/mysql/mysql.go:29.39,32.3 2 0
post_service/pkg/mysql/mysql.go:33.2,33.27 1 0
post_service/pkg/mysql/mysql.go:36.54,37.16 1 0
post_service/pkg/mysql/mysql.go:37.16,39.3 1 0
post_service/pkg/mysql/mysql.go:41.2,43.3 1 0
post_service/pkg/mysql/mysql.go:46.38,47.21 1 0
post_service/pkg/mysql/mysql.go:47.21,49.3 1 0
post_service/pkg/mysql/mysql.go:51.2,52.16 2 0
post_service/pkg/mysql/mysql.go:52.16,54.3 1 0
post_service/pkg/mysql/mysql.go:56.2,56.34 1 0
post_service/pkg/mysql/mysql.go:56.34,58.3 1 0
post_service/pkg/mysql/mysql.go:60.2,61.12 2 0
post_service/pkg/mysql/mysql.go:64.83,65.17 1 0
post_service/pkg/mysql/mysql.go:65.17,67.3 1 0
post_service/pkg/mysql/mysql.go:68.2,68.35 1 0
post_service/pkg/mysql/mysql.go:71.85,72.17 1 0
post_service/pkg/mysql/mysql.go:72.17,74.3 1 0
post_service/pkg/mysql/mysql.go:75.2,75.43 1 0
post_service/pkg/mysql/mysql.go:78.83,79.17 1 0
post_service/pkg/mysql/mysql.go:79.17,81.3 1 0
post_service/pkg/mysql/mysql.go:82.2,82.34 1 0
post_service/pkg/mysql/mysql.go:85.64,86.17 1 0
post_service/pkg/mysql/mysql.go:86.17,88.3 1 0
post_service/pkg/mysql/mysql.go:89.2,89.28 1 0
post_service/pkg/mysql/mysql.go:92.48,93.17 1 0
post_service/pkg/mysql/mysql.go:93.17,95.3 1 0
post_service/pkg/mysql/mysql.go:96.2,96.21 1 0
post_service/pkg/mysql/mysql.go:99.37,100.17 1 0
post_service/pkg/mysql/mysql.go:100.17,102.3 1 0
post_service/pkg/mysql/mysql.go:103.2,103.21 1 0
post_service/pkg/postgres/pg.go:11.41,13.2 1 0
post_service/pkg/rabbitmq/connection.go:32.12,35.2 2 0
post_service/pkg/rabbitmq/connection.go:37.61,43.2 2 0
post_service/pkg/rabbitmq/connection.go:45.40,46.14 1 0
post_service/pkg/rabbitmq/connection.go:46.14,48.3 1 0
post_service/pkg/rabbitmq/connection.go:51.43,53.27 2 0
post_service/pkg/rabbitmq/connection.go:53.27,54.33 1 0
post_service/pkg/rabbitmq/connection.go:54.33,55.9 1 0
post_service/pkg/rabbitmq/connection.go:57.3,58.25 2 0
post_service/pkg/rabbitmq/connection.go:60.2,60.16 1 0
post_service/pkg/rabbitmq/connection.go:60.16,62.3 1 0
post_service/pkg/rabbitmq/connection.go:63.2,63.12 1 0
post_service/pkg/rabbitmq/connection.go:66.38,70.16 3 0
post_service/pkg/rabbitmq/connection.go:70.16,72.3 1 0
post_service/pkg/rabbitmq/connection.go:74.2,75.16 2 0
post_service/pkg/rabbitmq/connection.go:75.16,77.3 1 0
post_service/pkg/rabbitmq/connection.go:79.2,88.16 2 0
post_service/pkg/rabbitmq/connection.go:88.16,90.3 1 0
post_service/pkg/rabbitmq/connection.go:92.2,100.16 2 0
post_service/pkg/rabbitmq/connection.go:100.16,102.3 1 0
post_service/pkg/rabbitmq/connection.go:104.2,111.16 2 0
post_service/pkg/rabbitmq/connection.go:111.16,113.3 1 0
post_service/pkg/rabbitmq/connection.go:115.2,124.16 2 0
post_service/pkg/rabbitmq/connection.go:124.16,126.3 1 0
post_service/pkg/rabbitmq/connection.go:128.2,128.12 1 0
post_service/pkg/rabbitmq/server/options.go:10.44,11.25 1 0
post_service/pkg/rabbitmq/server/options.go:11.25,13.3 1 0
post_service/pkg/rabbitmq/server/options.go:16.40,17.25 1 0
post_service/pkg/rabbitmq/server/options.go:17.25,19.3 1 0
post_service/pkg/rabbitmq/server/server.go:24.104,34.27 2 0
post_service/pkg/rabbitmq/server/server.go:34.27,36.3 1 0
post_service/pkg/rabbitmq/server/server.go:38.2,38.15 1 0
post_service/cmd/main.go:5.13,7.2 1 0
post_service/cmd/app/app.go:30.12,41.12 4 0
post_service/cmd/app/app.go:41.12,42.40 1 0
post_service/cmd/app/app.go:42.40,44.4 1 0
post_service/cmd/app/app.go:48.2,57.41 6 0
post_service/cmd/app/app.go:57.41,59.3 1 0
post_service/cmd/app/app.go:61.2,61.31 1 0
post_service/config/config.go:38.26,49.2 9 1
post_service/docs/docs.go:322.13,324.2 1 0
post_service/internal/entity/mock_repository.go:7.50,9.2 1 0
post_service/internal/entity/mock_repository.go:11.57,26.2 1 0
post_service/internal/entity/mock_repository.go:28.66,31.2 2 0
post_service/internal/entity/mock_repository.go:33.66,35.2 1 0
post_service/internal/entity/mock_repository.go:37.66,39.2 1 0
post_service/internal/entity/mock_repository.go:41.54,48.2 1 0
post_service/internal/entity/post.go:52.13,54.2 1 0
post_service/internal/entity/post.go:56.35,58.2 1 0
post_service/internal/entity/post.go:60.33,61.19 1 0
post_service/internal/entity/post.go:61.19,63.3 1 0
post_service/internal/entity/post.go:64.2,64.21 1 0
post_service/internal/entity/post.go:64.21,66.3 1 0
post_service/internal/entity/post.go:67.2,67.21 1 0
post_service/internal/entity/post.go:67.21,69.3 1 0
post_service/internal/entity/post.go:70.2,70.29 1 0
post_service/internal/entity/post.go:70.29,72.3 1 0
post_service/internal/entity/post.go:73.2,73.37 1 0
post_service/internal/entity/post.go:73.37,75.3 1 0
post_service/internal/entity/post.go:76.2,76.12 1 0
post_service/internal/entity/post.go:79.37,81.2 1 0
post_service/internal/entity/post.go:83.31,84.37 1 0
post_service/internal/entity/post.go:84.37,86.3 1 0
post_service/internal/entity/post.go:88.2,93.16 3 0
post_service/internal/entity/post.go:93.16,95.3 1 0
post_service/internal/entity/post.go:97.2,98.16 2 0
post_service/internal/entity/post.go:98.16,100.3 1 0
post_service/internal/entity/post.go:102.2,103.12 2 0
post_service/internal/entity/post.go:106.31,107.15 1 0
post_service/internal/entity/post.go:107.15,109.3 1 0
post_service/internal/entity/post.go:111.2,111.37 1 0
post_service/internal/entity/post.go:111.37,113.3 1 0
post_service/internal/entity/post.go:115.2,121.16 3 0
post_service/internal/entity/post.go:121.16,123.3 1 0
post_service/internal/entity/post.go:125.2,125.12 1 0
post_service/internal/entity/post.go:128.31,129.15 1 0
post_service/internal/entity/post.go:129.15,131.3 1 0
post_service/internal/entity/post.go:133.2,135.16 3 0
post_service/internal/entity/post.go:135.16,137.3 1 0
post_service/internal/entity/post.go:139.2,139.12 1 0
post_service/internal/entity/post.go:142.28,143.15 1 0
post_service/internal/entity/post.go:143.15,145.3 1 0
post_service/internal/entity/post.go:147.2,153.16 3 0
post_service/internal/entity/post.go:153.16,155.3 1 0
post_service/internal/entity/post.go:157.2,165.16 3 0
post_service/internal/entity/post.go:165.16,166.27 1 0
post_service/internal/entity/post.go:166.27,168.4 1 0
post_service/internal/entity/post.go:169.3,169.13 1 0
post_service/internal/entity/post.go:173.2,174.16 2 0
post_service/internal/entity/post.go:174.16,176.3 1 0
post_service/internal/entity/post.go:178.2,178.12 1 0
post_service/internal/entity/post.go:182.33,184.2 1 0
post_service/internal/repo/post_repository.go:14.13,17.2 2 0
post_service/internal/repo/post_repository.go:23.70,27.2 1 0
post_service/internal/repo/post_repository.go:29.66,36.16 3 0
post_service/internal/repo/post_repository.go:36.16,38.3 1 0
post_service/internal/repo/post_repository.go:39.2,42.18 3 0
post_service/internal/repo/post_repository.go:42.18,52.17 4 0
post_service/internal/repo/post_repository.go:52.17,54.4 1 0
post_service/internal/repo/post_repository.go:57.3,58.17 2 0
post_service/internal/repo/post_repository.go:58.17,60.4 1 0
post_service/internal/repo/post_repository.go:62.3,62.30 1 0
post_service/internal/repo/post_repository.go:65.2,65.34 1 0
post_service/internal/repo/post_repository.go:65.34,67.3 1 0
post_service/internal/repo/post_repository.go:69.2,69.19 1 0
post_service/internal/repo/post_repository.go:72.76,74.38 2 0
post_service/internal/repo/post_repository.go:74.38,76.3 1 0
post_service/internal/repo/post_repository.go:77.2,77.18 1 0
post_service/internal/repo/post_repository.go:80.76,82.38 2 0
post_service/internal/repo/post_repository.go:82.38,84.3 1 0
post_service/internal/repo/post_repository.go:85.2,85.18 1 0
post_service/internal/repo/post_repository.go:88.76,90.38 2 0
post_service/internal/repo/post_repository.go:90.38,92.3 1 0
post_service/internal/repo/post_repository.go:93.2,93.18 1 0
post_service/internal/repo/post_repository.go:96.69,101.35 3 0
post_service/internal/repo/post_repository.go:101.35,103.3 1 0
post_service/internal/repo/post_repository.go:104.2,104.144 1 0
post_service/internal/usecase/posts.go:9.62,13.2 1 0
post_service/internal/usecase/posts.go:15.70,17.2 1 0
post_service/internal/usecase/posts.go:19.80,21.2 1 0
post_service/internal/usecase/posts.go:23.80,25.2 1 0
post_service/internal/usecase/posts.go:27.80,29.2 1 0
post_service/internal/usecase/posts.go:31.73,33.2 1 0
post_service/pkg/httpserver/server.go:21.13,24.2 2 0
post_service/pkg/httpserver/server.go:33.24,39.58 4 0
post_service/pkg/httpserver/server.go:39.58,41.3 1 0
post_service/pkg/httpserver/server.go:44.22,75.2 14 0
post_service/pkg/httpserver/server.go:77.12,81.2 3 0
post_service/pkg/httpserver/server.go:89.64,126.2 16 0
post_service/pkg/httpserver/server.go:128.32,130.2 1 0
post_service/pkg/httpserver/server.go:132.50,134.2 1 0
post_service/pkg/httpserver/handlers/handlers.go:18.56,22.2 1 0
post_service/pkg/httpserver/handlers/handlers.go:30.71,33.2 2 0
post_service/pkg/httpserver/handlers/handlers.go:42.68,44.16 2 0
post_service/pkg/httpserver/handlers/handlers.go:44.16,47.3 2 0
post_service/pkg/httpserver/handlers/handlers.go:49.2,50.34 2 0
post_service/pkg/httpserver/handlers/handlers.go:63.70,65.62 2 0
post_service/pkg/httpserver/handlers/handlers.go:65.62,68.3 2 0
post_service/pkg/httpserver/handlers/handlers.go:70.2,70.32 1 0
post_service/pkg/httpserver/handlers/handlers.go:70.32,72.3 1 0
post_service/pkg/httpserver/handlers/handlers.go:74.2,75.16 2 0
post_service/pkg/httpserver/handlers/handlers.go:75.16,78.3 2 0
post_service/pkg/httpserver/handlers/handlers.go:80.2,82.40 3 0
post_service/pkg/httpserver/handlers/handlers.go:96.70,99.16 3 0
post_service/pkg/httpserver/handlers/handlers.go:99.16,102.3 2 0
post_service/pkg/httpserver/handlers/handlers.go:104.2,105.62 2 0
post_service/pkg/httpserver/handlers/handlers.go:105.62,108.3 2 0
post_service/pkg/httpserver/handlers/handlers.go:110.2,112.16 3 0
post_service/pkg/httpserver/handlers/handlers.go:112.16,115.3 2 0
post_service/pkg/httpserver/handlers/handlers.go:117.2,118.40 2 0
post_service/pkg/httpserver/handlers/handlers.go:130.70,133.16 3 0
post_service/pkg/httpserver/handlers/handlers.go:133.16,136.3 2 0
post_service/pkg/httpserver/handlers/handlers.go:138.2,140.16 3 0
post_service/pkg/httpserver/handlers/handlers.go:140.16,143.3 2 0
post_service/pkg/httpserver/handlers/handlers.go:145.2,146.40 2 0
post_service/pkg/httpserver/handlers/handlers.go:158.67,161.16 3 0
post_service/pkg/httpserver/handlers/handlers.go:161.16,164.3 2 0
post_service/pkg/httpserver/handlers/handlers.go:166.2,167.16 2 0
post_service/pkg/httpserver/handlers/handlers.go:167.16,170.3 2 0
post_service/pkg/httpserver/handlers/handlers.go:172.2,173.42 2 0
post_service/pkg/logger/logger.go:22.32,24.2 1 1
post_service/pkg/logger/logger.go:26.51,27.14 1 1
post_service/pkg/logger/logger.go:27.14,29.3 1 1
post_service/pkg/logger/logger.go:31.2,34.15 3 1
post_service/pkg/logger/logger.go:35.15,36.45 1 0
post_service/pkg/logger/logger.go:37.14,38.44 1 0
post_service/pkg/logger/logger.go:39.14,40.44 1 0
post_service/pkg/logger/logger.go:41.15,42.45 1 0
post_service/pkg/logger/logger.go:43.10,44.44 1 1
post_service/pkg/logger/logger.go:47.2,49.3 1 1
post_service/pkg/logger/logger.go:52.57,54.2 1 0
post_service/pkg/logger/logger.go:56.56,58.2 1 1
post_service/pkg/logger/logger.go:60.56,62.2 1 0
post_service/pkg/logger/logger.go:64.57,65.19 1 0
post_service/pkg/logger/logger.go:65.19,67.3 1 0
post_service/pkg/logger/logger.go:67.8,69.3 1 0
post_service/pkg/logger/logger.go:72.66,75.2 2 0
post_service/pkg/logger/logger.go:77.78,78.31 1 0
post_service/pkg/logger/logger.go:79.13,80.36 1 0
post_service/pkg/logger/logger.go:81.14,82.37 1 0
post_service/pkg/logger/logger.go:83.10,84.81 1 0
post_service/pkg/mongodb/mongo.go:22.56,26.16 4 0
post_service/pkg/mongodb/mongo.go:26.16,28.3 1 0
post_service/pkg/mongodb/mongo.go:29.2,30.12 2 0
post_service/pkg/mongodb/mongo.go:33.40,35.2 1 0
post_service/pkg/mongodb/mongo.go:37.86,39.2 1 0
post_service/pkg/mongodb/mongo.go:41.88,43.2 1 0
post_service/pkg/mongodb/mongo.go:45.86,47.2 1 0
post_service/pkg/mongodb/mongo.go:49.67,51.2 1 0
post_service/pkg/mongodb/mongo.go:53.51,55.2 1 0
post_service/pkg/mysql/mysql.go:23.13,29.39 5 1
post_service/pkg/mysql/mysql.go:29.39,32.3 2 0
post_service/pkg/mysql/mysql.go:33.2,33.27 1 1
post_service/pkg/mysql/mysql.go:36.54,37.16 1 1
post_service/pkg/mysql/mysql.go:37.16,39.3 1 1
post_service/pkg/mysql/mysql.go:41.2,43.3 1 1
post_service/pkg/mysql/mysql.go:46.38,47.21 1 1
post_service/pkg/mysql/mysql.go:47.21,49.3 1 0
post_service/pkg/mysql/mysql.go:51.2,52.16 2 1
post_service/pkg/mysql/mysql.go:52.16,54.3 1 0
post_service/pkg/mysql/mysql.go:56.2,56.34 1 1
post_service/pkg/mysql/mysql.go:56.34,58.3 1 0
post_service/pkg/mysql/mysql.go:60.2,61.12 2 1
post_service/pkg/mysql/mysql.go:64.83,65.17 1 1
post_service/pkg/mysql/mysql.go:65.17,67.3 1 1
post_service/pkg/mysql/mysql.go:68.2,68.35 1 0
post_service/pkg/mysql/mysql.go:71.85,72.17 1 1
post_service/pkg/mysql/mysql.go:72.17,74.3 1 1
post_service/pkg/mysql/mysql.go:75.2,75.43 1 0
post_service/pkg/mysql/mysql.go:78.83,79.17 1 1
post_service/pkg/mysql/mysql.go:79.17,81.3 1 1
post_service/pkg/mysql/mysql.go:82.2,82.34 1 0
post_service/pkg/mysql/mysql.go:85.64,86.17 1 1
post_service/pkg/mysql/mysql.go:86.17,88.3 1 1
post_service/pkg/mysql/mysql.go:89.2,89.28 1 0
post_service/pkg/mysql/mysql.go:92.48,93.17 1 1
post_service/pkg/mysql/mysql.go:93.17,95.3 1 1
post_service/pkg/mysql/mysql.go:96.2,96.21 1 0
post_service/pkg/mysql/mysql.go:99.37,100.17 1 1
post_service/pkg/mysql/mysql.go:100.17,102.3 1 1
post_service/pkg/mysql/mysql.go:103.2,103.21 1 0
post_service/pkg/postgres/pg.go:11.41,13.2 1 0
post_service/pkg/rabbitmq/connection.go:32.12,35.2 2 0
post_service/pkg/rabbitmq/connection.go:37.61,43.2 2 0
post_service/pkg/rabbitmq/connection.go:45.40,46.14 1 0
post_service/pkg/rabbitmq/connection.go:46.14,48.3 1 0
post_service/pkg/rabbitmq/connection.go:51.43,53.27 2 0
post_service/pkg/rabbitmq/connection.go:53.27,54.33 1 0
post_service/pkg/rabbitmq/connection.go:54.33,55.9 1 0
post_service/pkg/rabbitmq/connection.go:57.3,58.25 2 0
post_service/pkg/rabbitmq/connection.go:60.2,60.16 1 0
post_service/pkg/rabbitmq/connection.go:60.16,62.3 1 0
post_service/pkg/rabbitmq/connection.go:63.2,63.12 1 0
post_service/pkg/rabbitmq/connection.go:66.38,70.16 3 0
post_service/pkg/rabbitmq/connection.go:70.16,72.3 1 0
post_service/pkg/rabbitmq/connection.go:74.2,75.16 2 0
post_service/pkg/rabbitmq/connection.go:75.16,77.3 1 0
post_service/pkg/rabbitmq/connection.go:79.2,88.16 2 0
post_service/pkg/rabbitmq/connection.go:88.16,90.3 1 0
post_service/pkg/rabbitmq/connection.go:92.2,100.16 2 0
post_service/pkg/rabbitmq/connection.go:100.16,102.3 1 0
post_service/pkg/rabbitmq/connection.go:104.2,111.16 2 0
post_service/pkg/rabbitmq/connection.go:111.16,113.3 1 0
post_service/pkg/rabbitmq/connection.go:115.2,124.16 2 0
post_service/pkg/rabbitmq/connection.go:124.16,126.3 1 0
post_service/pkg/rabbitmq/connection.go:128.2,128.12 1 0
post_service/pkg/rabbitmq/server/options.go:10.44,11.25 1 0
post_service/pkg/rabbitmq/server/options.go:11.25,13.3 1 0
post_service/pkg/rabbitmq/server/options.go:16.40,17.25 1 0
post_service/pkg/rabbitmq/server/options.go:17.25,19.3 1 0
post_service/pkg/rabbitmq/server/server.go:24.104,34.27 2 0
post_service/pkg/rabbitmq/server/server.go:34.27,36.3 1 0
post_service/pkg/rabbitmq/server/server.go:38.2,38.15 1 0
post_service/cmd/main.go:5.13,7.2 1 0
post_service/cmd/app/app.go:30.12,41.12 4 0
post_service/cmd/app/app.go:41.12,42.40 1 0
post_service/cmd/app/app.go:42.40,44.4 1 0
post_service/cmd/app/app.go:48.2,57.41 6 0
post_service/cmd/app/app.go:57.41,59.3 1 0
post_service/cmd/app/app.go:61.2,61.31 1 0
post_service/config/config.go:38.26,49.2 9 1
post_service/docs/docs.go:322.13,324.2 1 1
post_service/internal/entity/mock_repository.go:7.50,9.2 1 0
post_service/internal/entity/mock_repository.go:11.57,26.2 1 0
post_service/internal/entity/mock_repository.go:28.66,31.2 2 0
post_service/internal/entity/mock_repository.go:33.66,35.2 1 0
post_service/internal/entity/mock_repository.go:37.66,39.2 1 0
post_service/internal/entity/mock_repository.go:41.54,48.2 1 0
post_service/internal/entity/post.go:52.13,54.2 1 1
post_service/internal/entity/post.go:56.35,58.2 1 0
post_service/internal/entity/post.go:60.33,61.19 1 0
post_service/internal/entity/post.go:61.19,63.3 1 0
post_service/internal/entity/post.go:64.2,64.21 1 0
post_service/internal/entity/post.go:64.21,66.3 1 0
post_service/internal/entity/post.go:67.2,67.21 1 0
post_service/internal/entity/post.go:67.21,69.3 1 0
post_service/internal/entity/post.go:70.2,70.29 1 0
post_service/internal/entity/post.go:70.29,72.3 1 0
post_service/internal/entity/post.go:73.2,73.37 1 0
post_service/internal/entity/post.go:73.37,75.3 1 0
post_service/internal/entity/post.go:76.2,76.12 1 0
post_service/internal/entity/post.go:79.37,81.2 1 1
post_service/internal/entity/post.go:83.31,84.37 1 0
post_service/internal/entity/post.go:84.37,86.3 1 0
post_service/internal/entity/post.go:88.2,93.16 3 0
post_service/internal/entity/post.go:93.16,95.3 1 0
post_service/internal/entity/post.go:97.2,98.16 2 0
post_service/internal/entity/post.go:98.16,100.3 1 0
post_service/internal/entity/post.go:102.2,103.12 2 0
post_service/internal/entity/post.go:106.31,107.15 1 0
post_service/internal/entity/post.go:107.15,109.3 1 0
post_service/internal/entity/post.go:111.2,111.37 1 0
post_service/internal/entity/post.go:111.37,113.3 1 0
post_service/internal/entity/post.go:115.2,121.16 3 0
post_service/internal/entity/post.go:121.16,123.3 1 0
post_service/internal/entity/post.go:125.2,125.12 1 0
post_service/internal/entity/post.go:128.31,129.15 1 1
post_service/internal/entity/post.go:129.15,131.3 1 0
post_service/internal/entity/post.go:133.2,135.16 3 1
post_service/internal/entity/post.go:135.16,137.3 1 0
post_service/internal/entity/post.go:139.2,139.12 1 1
post_service/internal/entity/post.go:142.28,143.15 1 1
post_service/internal/entity/post.go:143.15,145.3 1 0
post_service/internal/entity/post.go:147.2,153.16 3 1
post_service/internal/entity/post.go:153.16,155.3 1 0
post_service/internal/entity/post.go:157.2,165.16 3 1
post_service/internal/entity/post.go:165.16,166.27 1 0
post_service/internal/entity/post.go:166.27,168.4 1 0
post_service/internal/entity/post.go:169.3,169.13 1 0
post_service/internal/entity/post.go:173.2,174.16 2 1
post_service/internal/entity/post.go:174.16,176.3 1 0
post_service/internal/entity/post.go:178.2,178.12 1 1
post_service/internal/entity/post.go:182.33,184.2 1 0
post_service/internal/repo/post_repository.go:14.13,17.2 2 1
post_service/internal/repo/post_repository.go:23.70,27.2 1 1
post_service/internal/repo/post_repository.go:29.66,36.16 3 1
post_service/internal/repo/post_repository.go:36.16,38.3 1 0
post_service/internal/repo/post_repository.go:39.2,42.18 3 1
post_service/internal/repo/post_repository.go:42.18,52.17 4 1
post_service/internal/repo/post_repository.go:52.17,54.4 1 0
post_service/internal/repo/post_repository.go:57.3,58.17 2 1
post_service/internal/repo/post_repository.go:58.17,60.4 1 0
post_service/internal/repo/post_repository.go:62.3,62.30 1 1
post_service/internal/repo/post_repository.go:65.2,65.34 1 1
post_service/internal/repo/post_repository.go:65.34,67.3 1 0
post_service/internal/repo/post_repository.go:69.2,69.19 1 1
post_service/internal/repo/post_repository.go:72.76,74.38 2 0
post_service/internal/repo/post_repository.go:74.38,76.3 1 0
post_service/internal/repo/post_repository.go:77.2,77.18 1 0
post_service/internal/repo/post_repository.go:80.76,82.38 2 0
post_service/internal/repo/post_repository.go:82.38,84.3 1 0
post_service/internal/repo/post_repository.go:85.2,85.18 1 0
post_service/internal/repo/post_repository.go:88.76,90.38 2 1
post_service/internal/repo/post_repository.go:90.38,92.3 1 0
post_service/internal/repo/post_repository.go:93.2,93.18 1 1
post_service/internal/repo/post_repository.go:96.69,101.35 3 1
post_service/internal/repo/post_repository.go:101.35,103.3 1 0
post_service/internal/repo/post_repository.go:104.2,104.144 1 1
post_service/internal/usecase/posts.go:9.62,13.2 1 0
post_service/internal/usecase/posts.go:15.70,17.2 1 1
post_service/internal/usecase/posts.go:19.80,21.2 1 0
post_service/internal/usecase/posts.go:23.80,25.2 1 0
post_service/internal/usecase/posts.go:27.80,29.2 1 1
post_service/internal/usecase/posts.go:31.73,33.2 1 1
post_service/pkg/httpserver/server.go:21.13,24.2 2 1
post_service/pkg/httpserver/server.go:33.24,39.58 4 0
post_service/pkg/httpserver/server.go:39.58,41.3 1 0
post_service/pkg/httpserver/server.go:44.22,75.2 14 1
post_service/pkg/httpserver/server.go:77.12,81.2 3 0
post_service/pkg/httpserver/server.go:89.64,126.2 16 0
post_service/pkg/httpserver/server.go:128.32,130.2 1 0
post_service/pkg/httpserver/server.go:132.50,134.2 1 0
post_service/pkg/httpserver/handlers/handlers.go:18.56,22.2 1 1
post_service/pkg/httpserver/handlers/handlers.go:30.71,33.2 2 1
post_service/pkg/httpserver/handlers/handlers.go:42.68,44.16 2 1
post_service/pkg/httpserver/handlers/handlers.go:44.16,47.3 2 0
post_service/pkg/httpserver/handlers/handlers.go:49.2,50.34 2 1
post_service/pkg/httpserver/handlers/handlers.go:63.70,65.62 2 1
post_service/pkg/httpserver/handlers/handlers.go:65.62,68.3 2 1
post_service/pkg/httpserver/handlers/handlers.go:70.2,70.32 1 0
post_service/pkg/httpserver/handlers/handlers.go:70.32,72.3 1 0
post_service/pkg/httpserver/handlers/handlers.go:74.2,75.16 2 0
post_service/pkg/httpserver/handlers/handlers.go:75.16,78.3 2 0
post_service/pkg/httpserver/handlers/handlers.go:80.2,82.40 3 0
post_service/pkg/httpserver/handlers/handlers.go:96.70,99.16 3 1
post_service/pkg/httpserver/handlers/handlers.go:99.16,102.3 2 0
post_service/pkg/httpserver/handlers/handlers.go:104.2,105.62 2 1
post_service/pkg/httpserver/handlers/handlers.go:105.62,108.3 2 1
post_service/pkg/httpserver/handlers/handlers.go:110.2,112.16 3 0
post_service/pkg/httpserver/handlers/handlers.go:112.16,115.3 2 0
post_service/pkg/httpserver/handlers/handlers.go:117.2,118.40 2 0
post_service/pkg/httpserver/handlers/handlers.go:130.70,133.16 3 1
post_service/pkg/httpserver/handlers/handlers.go:133.16,136.3 2 0
post_service/pkg/httpserver/handlers/handlers.go:138.2,140.16 3 1
post_service/pkg/httpserver/handlers/handlers.go:140.16,143.3 2 0
post_service/pkg/httpserver/handlers/handlers.go:145.2,146.40 2 1
post_service/pkg/httpserver/handlers/handlers.go:158.67,161.16 3 1
post_service/pkg/httpserver/handlers/handlers.go:161.16,164.3 2 1
post_service/pkg/httpserver/handlers/handlers.go:166.2,167.16 2 1
post_service/pkg/httpserver/handlers/handlers.go:167.16,170.3 2 0
post_service/pkg/httpserver/handlers/handlers.go:172.2,173.42 2 1
post_service/pkg/logger/logger.go:22.32,24.2 1 1
post_service/pkg/logger/logger.go:26.51,27.14 1 1
post_service/pkg/logger/logger.go:27.14,29.3 1 1
post_service/pkg/logger/logger.go:31.2,34.15 3 1
post_service/pkg/logger/logger.go:35.15,36.45 1 0
post_service/pkg/logger/logger.go:37.14,38.44 1 1
post_service/pkg/logger/logger.go:39.14,40.44 1 0
post_service/pkg/logger/logger.go:41.15,42.45 1 0
post_service/pkg/logger/logger.go:43.10,44.44 1 1
post_service/pkg/logger/logger.go:47.2,49.3 1 1
post_service/pkg/logger/logger.go:52.57,54.2 1 0
post_service/pkg/logger/logger.go:56.56,58.2 1 1
post_service/pkg/logger/logger.go:60.56,62.2 1 0
post_service/pkg/logger/logger.go:64.57,65.19 1 0
post_service/pkg/logger/logger.go:65.19,67.3 1 0
post_service/pkg/logger/logger.go:67.8,69.3 1 0
post_service/pkg/logger/logger.go:72.66,75.2 2 0
post_service/pkg/logger/logger.go:77.78,78.31 1 0
post_service/pkg/logger/logger.go:79.13,80.36 1 0
post_service/pkg/logger/logger.go:81.14,82.37 1 0
post_service/pkg/logger/logger.go:83.10,84.81 1 0
post_service/pkg/mongodb/mongo.go:22.56,26.16 4 0
post_service/pkg/mongodb/mongo.go:26.16,28.3 1 0
post_service/pkg/mongodb/mongo.go:29.2,30.12 2 0
post_service/pkg/mongodb/mongo.go:33.40,35.2 1 0
post_service/pkg/mongodb/mongo.go:37.86,39.2 1 0
post_service/pkg/mongodb/mongo.go:41.88,43.2 1 0
post_service/pkg/mongodb/mongo.go:45.86,47.2 1 0
post_service/pkg/mongodb/mongo.go:49.67,51.2 1 0
post_service/pkg/mongodb/mongo.go:53.51,55.2 1 0
post_service/pkg/mysql/mysql.go:23.13,29.39 5 1
post_service/pkg/mysql/mysql.go:29.39,32.3 2 0
post_service/pkg/mysql/mysql.go:33.2,33.27 1 1
post_service/pkg/mysql/mysql.go:36.54,37.16 1 1
post_service/pkg/mysql/mysql.go:37.16,39.3 1 0
post_service/pkg/mysql/mysql.go:41.2,43.3 1 1
post_service/pkg/mysql/mysql.go:46.38,47.21 1 1
post_service/pkg/mysql/mysql.go:47.21,49.3 1 0
post_service/pkg/mysql/mysql.go:51.2,52.16 2 1
post_service/pkg/mysql/mysql.go:52.16,54.3 1 0
post_service/pkg/mysql/mysql.go:56.2,56.34 1 1
post_service/pkg/mysql/mysql.go:56.34,58.3 1 0
post_service/pkg/mysql/mysql.go:60.2,61.12 2 1
post_service/pkg/mysql/mysql.go:64.83,65.17 1 1
post_service/pkg/mysql/mysql.go:65.17,67.3 1 0
post_service/pkg/mysql/mysql.go:68.2,68.35 1 1
post_service/pkg/mysql/mysql.go:71.85,72.17 1 1
post_service/pkg/mysql/mysql.go:72.17,74.3 1 0
post_service/pkg/mysql/mysql.go:75.2,75.43 1 1
post_service/pkg/mysql/mysql.go:78.83,79.17 1 1
post_service/pkg/mysql/mysql.go:79.17,81.3 1 0
post_service/pkg/mysql/mysql.go:82.2,82.34 1 1
post_service/pkg/mysql/mysql.go:85.64,86.17 1 0
post_service/pkg/mysql/mysql.go:86.17,88.3 1 0
post_service/pkg/mysql/mysql.go:89.2,89.28 1 0
post_service/pkg/mysql/mysql.go:92.48,93.17 1 0
post_service/pkg/mysql/mysql.go:93.17,95.3 1 0
post_service/pkg/mysql/mysql.go:96.2,96.21 1 0
post_service/pkg/mysql/mysql.go:99.37,100.17 1 0
post_service/pkg/mysql/mysql.go:100.17,102.3 1 0
post_service/pkg/mysql/mysql.go:103.2,103.21 1 0
post_service/pkg/postgres/pg.go:11.41,13.2 1 0
post_service/pkg/rabbitmq/connection.go:32.12,35.2 2 0
post_service/pkg/rabbitmq/connection.go:37.61,43.2 2 0
post_service/pkg/rabbitmq/connection.go:45.40,46.14 1 0
post_service/pkg/rabbitmq/connection.go:46.14,48.3 1 0
post_service/pkg/rabbitmq/connection.go:51.43,53.27 2 0
post_service/pkg/rabbitmq/connection.go:53.27,54.33 1 0
post_service/pkg/rabbitmq/connection.go:54.33,55.9 1 0
post_service/pkg/rabbitmq/connection.go:57.3,58.25 2 0
post_service/pkg/rabbitmq/connection.go:60.2,60.16 1 0
post_service/pkg/rabbitmq/connection.go:60.16,62.3 1 0
post_service/pkg/rabbitmq/connection.go:63.2,63.12 1 0
post_service/pkg/rabbitmq/connection.go:66.38,70.16 3 0
post_service/pkg/rabbitmq/connection.go:70.16,72.3 1 0
post_service/pkg/rabbitmq/connection.go:74.2,75.16 2 0
post_service/pkg/rabbitmq/connection.go:75.16,77.3 1 0
post_service/pkg/rabbitmq/connection.go:79.2,88.16 2 0
post_service/pkg/rabbitmq/connection.go:88.16,90.3 1 0
post_service/pkg/rabbitmq/connection.go:92.2,100.16 2 0
post_service/pkg/rabbitmq/connection.go:100.16,102.3 1 0
post_service/pkg/rabbitmq/connection.go:104.2,111.16 2 0
post_service/pkg/rabbitmq/connection.go:111.16,113.3 1 0
post_service/pkg/rabbitmq/connection.go:115.2,124.16 2 0
post_service/pkg/rabbitmq/connection.go:124.16,126.3 1 0
post_service/pkg/rabbitmq/connection.go:128.2,128.12 1 0
post_service/pkg/rabbitmq/server/options.go:10.44,11.25 1 0
post_service/pkg/rabbitmq/server/options.go:11.25,13.3 1 0
post_service/pkg/rabbitmq/server/options.go:16.40,17.25 1 0
post_service/pkg/rabbitmq/server/options.go:17.25,19.3 1 0
post_service/pkg/rabbitmq/server/server.go:24.104,34.27 2 0
post_service/pkg/rabbitmq/server/server.go:34.27,36.3 1 0
post_service/pkg/rabbitmq/server/server.go:38.2,38.15 1 0
